../Drivers/STM32WBxx_HAL_Driver/Inc/stm32wbxx_ll_rcc.h:1679:22:LL_RCC_LSE_SetDriveCapability	16	static
../Drivers/STM32WBxx_HAL_Driver/Inc/stm32wbxx_ll_bus.h:539:22:LL_AHB2_GRP1_EnableClock	24	static
../Core/Inc/abuzz.h:29:6:abuzz_start	4	static
../Core/Inc/abuzz.h:39:6:abuzz_stop	4	static
../Core/Inc/abuzz.h:46:6:abuzz_p_long	4	static
../Core/Inc/abuzz.h:53:6:abuzz_p_short	4	static
../Core/Inc/transmit.h:7:6:replace_newline_with_crlf	32	static
../Core/Inc/transmit.h:23:6:Transmit	536	static
../Core/Src/main.c:96:6:evq_init	16	static
../Core/Src/main.c:101:6:evq_is_full	4	static
../Core/Src/main.c:105:6:evq_is_empty	4	static
../Core/Src/main.c:109:6:evq_push_back	16	static
../Core/Src/main.c:119:12:evq_pop_front	16	static
../Core/Src/main.c:131:6:reset_traffic_lights	8	static
../Core/Src/main.c:139:6:set_traffic_lights	16	static
../Core/Src/main.c:184:6:buzz	8	static
../Core/Src/main.c:194:6:toggleIndicator	8	static
../Core/Src/main.c:199:6:test_circular_queue	64	static
../Core/Src/main.c:246:5:main	24	static
../Core/Src/main.c:353:6:SystemClock_Config	112	static
../Core/Src/main.c:419:6:PeriphCommonClock_Config	88	static
../Core/Src/main.c:443:13:MX_TIM2_Init	64	static
../Core/Src/main.c:501:13:MX_USART1_UART_Init	8	static
../Core/Src/main.c:549:13:MX_USB_PCD_Init	8	static
../Core/Src/main.c:582:13:MX_GPIO_Init	32	static
../Core/Src/main.c:657:6:Error_Handler	4	static,ignoring_inline_asm
