../Drivers/STM32WBxx_HAL_Driver/Inc/stm32wbxx_ll_rcc.h:1679:22:LL_RCC_LSE_SetDriveCapability	16	static
../Drivers/STM32WBxx_HAL_Driver/Inc/stm32wbxx_ll_bus.h:539:22:LL_AHB2_GRP1_EnableClock	24	static
../Core/Src/main.c:82:6:reset_traffic_lights	8	static
../Core/Src/main.c:90:6:set_traffic_lights	16	static
../Core/Src/main.c:142:5:main	24	static
../Core/Src/main.c:246:6:SystemClock_Config	112	static
../Core/Src/main.c:312:6:PeriphCommonClock_Config	88	static
../Core/Src/main.c:336:13:MX_USART1_UART_Init	8	static
../Core/Src/main.c:384:13:MX_USB_PCD_Init	8	static
../Core/Src/main.c:417:13:MX_GPIO_Init	32	static
../Core/Src/main.c:482:6:Error_Handler	4	static,ignoring_inline_asm
