../Drivers/STM32WBxx_HAL_Driver/Inc/stm32wbxx_ll_rcc.h:1679:22:LL_RCC_LSE_SetDriveCapability	16	static
../Drivers/STM32WBxx_HAL_Driver/Inc/stm32wbxx_ll_bus.h:539:22:LL_AHB2_GRP1_EnableClock	24	static
../Core/Inc/abuzz.h:29:6:abuzz_start	4	static
../Core/Inc/abuzz.h:39:6:abuzz_stop	4	static
../Core/Inc/abuzz.h:46:6:abuzz_p_long	4	static
../Core/Inc/abuzz.h:53:6:abuzz_p_short	4	static
../Core/Src/main.c:85:6:reset_traffic_lights	8	static
../Core/Src/main.c:93:6:set_traffic_lights	16	static
../Core/Src/main.c:138:6:buzz	8	static
../Core/Src/main.c:148:6:toggleIndicator	8	static
../Core/Src/main.c:160:5:main	24	static
../Core/Src/main.c:267:6:SystemClock_Config	112	static
../Core/Src/main.c:333:6:PeriphCommonClock_Config	88	static
../Core/Src/main.c:357:13:MX_TIM2_Init	64	static
../Core/Src/main.c:415:13:MX_USART1_UART_Init	8	static
../Core/Src/main.c:463:13:MX_USB_PCD_Init	8	static
../Core/Src/main.c:496:13:MX_GPIO_Init	32	static
../Core/Src/main.c:571:6:Error_Handler	4	static,ignoring_inline_asm
